[2026-08-03T12:26:09+00:00] validation bacteria multiscale_cnn seed=2025
results/checkpoints/bacteria/multiscale_cnn/screening/seed_2025
[2026-08-03T12:45:44+00:00] frozen test bacteria multiscale_cnn seed=2025
results/checkpoints/bacteria/multiscale_cnn/screening/seed_2025
[2026-08-03T12:46:16+00:00] validation bacteria multiscale_cnn seed=2026
results/checkpoints/bacteria/multiscale_cnn/screening/seed_2026
[2026-08-03T13:22:12+00:00] frozen test bacteria multiscale_cnn seed=2026
results/checkpoints/bacteria/multiscale_cnn/screening/seed_2026
[2026-08-03T13:22:43+00:00] validation bacteria multiscale_cnn seed=2027
results/checkpoints/bacteria/multiscale_cnn/screening/seed_2027
[2026-08-03T13:59:39+00:00] frozen test bacteria multiscale_cnn seed=2027
results/checkpoints/bacteria/multiscale_cnn/screening/seed_2027
[2026-08-03T14:00:10+00:00] validation archaea multiscale_cnn seed=2025
results/checkpoints/archaea/multiscale_cnn/screening/seed_2025
[2026-08-03T14:55:55+00:00] frozen test archaea multiscale_cnn seed=2025
results/checkpoints/archaea/multiscale_cnn/screening/seed_2025
[2026-08-03T14:56:32+00:00] validation archaea multiscale_cnn seed=2026
results/checkpoints/archaea/multiscale_cnn/screening/seed_2026
[2026-08-03T15:50:56+00:00] frozen test archaea multiscale_cnn seed=2026
results/checkpoints/archaea/multiscale_cnn/screening/seed_2026
[2026-08-03T15:51:36+00:00] validation archaea multiscale_cnn seed=2027
results/checkpoints/archaea/multiscale_cnn/screening/seed_2027
[2026-08-03T16:45:38+00:00] frozen test archaea multiscale_cnn seed=2027
results/checkpoints/archaea/multiscale_cnn/screening/seed_2027
[2026-08-03T16:46:18+00:00] validation eukaryota residual_cnn seed=2025
results/checkpoints/eukaryota/residual_cnn/eukaryota_multiscale/seed_2025
[2026-08-03T18:13:15+00:00] frozen test eukaryota residual_cnn seed=2025
results/checkpoints/eukaryota/residual_cnn/eukaryota_multiscale/seed_2025
[2026-08-03T18:15:34+00:00] validation eukaryota residual_cnn seed=2026
results/checkpoints/eukaryota/residual_cnn/eukaryota_multiscale/seed_2026
[2026-08-03T19:44:18+00:00] frozen test eukaryota residual_cnn seed=2026
results/checkpoints/eukaryota/residual_cnn/eukaryota_multiscale/seed_2026
[2026-08-03T19:46:36+00:00] validation eukaryota residual_cnn seed=2027
results/checkpoints/eukaryota/residual_cnn/eukaryota_multiscale/seed_2027
[2026-08-03T21:12:38+00:00] frozen test eukaryota residual_cnn seed=2027
results/checkpoints/eukaryota/residual_cnn/eukaryota_multiscale/seed_2027
results/main_tables/multiseed_ensemble.json
